-----BEGIN CERTIFICATE-----
bGFwdG9wLW1nMXNnOXYzXGRxZGViDQpUaHUgMTEvMDkvMjAyMyAxMzo0NTowMi45
NiANCi0tLS0tLS0tLS0tLS0tLS0tLS0tLS0tLS0tLS0tLS0tLS0tLS0tLS0tLS0t
LS0tLS0gDQpVc2VyIFN0b3JpZXMgKFRlc3RzXEZlYXR1cmVcVXNlclN0b3JpZXMp
CiBbIF0gUkVRMiBQdWJsaWNDYXRlZ29yeVBhZ2UKIFt4XSBSRVE0IERpc2NvdW50
ZWRQcmljZU9uTW9kZWwKIFt4XSBSRVE0IERpc2NvdW50ZWRQcmljZUluSFRNTAog
W3hdIFJFUTYgT3JkZXJTdGF0dXNFeGlzdHMKIFsgXSBSRVE3IE9yZGVyU3RhdHVz
Q2hhbmdlcwogWyBdIFJFUTkgUHJvZHVjdEVkaXRIYXNEaXNjb3VudAogWyBdIFJF
UTEwIFByb2R1Y3RFZGl0Q29udGFpbnNDYXRlZ29yeQogWyBdIFJFUTExYSBDYXRl
Z29yeVBhZ2VIYXNQcm9kdWN0cwoKLS0tLS0tLS0tLS0tLS0tLS0tLS0tLS0tLS0t
LS0tLS0tLS0tLS0tLS0tLS0tLS0tLSANClBIUFVuaXQgOS42LjExIGJ5IFNlYmFz
dGlhbiBCZXJnbWFubiBhbmQgY29udHJpYnV0b3JzLgoKRS4uLkZGRkUgICAgICAg
ICAgICAgICAgICAgICAgICAgICAgICAgICAgICAgICAgICAgICAgICAgICAgICAg
ICAgICA4IC8gOCAoMTAwJSkNCg0KVGltZTogMDA6MDAuNzc5LCBNZW1vcnk6IDI2
LjAwIE1CDQoNClRoZXJlIHdlcmUgMiBlcnJvcnM6CgoxKSBUZXN0c1xGZWF0dXJl
XFVzZXJTdG9yaWVzVGVzdDo6dGVzdF9SRVEyX1B1YmxpY0NhdGVnb3J5UGFnZQpF
cnJvckV4Y2VwdGlvbjogVHJ5aW5nIHRvIGFjY2VzcyBhcnJheSBvZmZzZXQgb24g
dmFsdWUgb2YgdHlwZSBudWxsCgpDOlxVc2Vyc1xEcWRlYlxPbmVEcml2ZSAtIEN1
cmlvXERlc2t0b3BcNFNob3AtV2Vla2NoZWNrXHZlbmRvclxsYXJhdmVsXGZyYW1l
d29ya1xzcmNcSWxsdW1pbmF0ZVxGb3VuZGF0aW9uXEJvb3RzdHJhcFxIYW5kbGVF
eGNlcHRpb25zLnBocDoyNzAKQzpcVXNlcnNcRHFkZWJcT25lRHJpdmUgLSBDdXJp
b1xEZXNrdG9wXDRTaG9wLVdlZWtjaGVja1x0ZXN0c1xGZWF0dXJlXFVzZXJTdG9y
aWVzVGVzdC5waHA6MTMKCjIpIFRlc3RzXEZlYXR1cmVcVXNlclN0b3JpZXNUZXN0
Ojp0ZXN0X1JFUTExYV9DYXRlZ29yeVBhZ2VIYXNQcm9kdWN0cwpFcnJvckV4Y2Vw
dGlvbjogVHJ5aW5nIHRvIGFjY2VzcyBhcnJheSBvZmZzZXQgb24gdmFsdWUgb2Yg
dHlwZSBudWxsCgpDOlxVc2Vyc1xEcWRlYlxPbmVEcml2ZSAtIEN1cmlvXERlc2t0
b3BcNFNob3AtV2Vla2NoZWNrXHZlbmRvclxsYXJhdmVsXGZyYW1ld29ya1xzcmNc
SWxsdW1pbmF0ZVxGb3VuZGF0aW9uXEJvb3RzdHJhcFxIYW5kbGVFeGNlcHRpb25z
LnBocDoyNzAKQzpcVXNlcnNcRHFkZWJcT25lRHJpdmUgLSBDdXJpb1xEZXNrdG9w
XDRTaG9wLVdlZWtjaGVja1x0ZXN0c1xGZWF0dXJlXFVzZXJTdG9yaWVzVGVzdC5w
aHA6ODgKCi0tCgpUaGVyZSB3ZXJlIDMgZmFpbHVyZXM6CgoxKSBUZXN0c1xGZWF0
dXJlXFVzZXJTdG9yaWVzVGVzdDo6dGVzdF9SRVE3X09yZGVyU3RhdHVzQ2hhbmdl
cwpFeHBlY3RlZCByZXNwb25zZSBzdGF0dXMgY29kZSBbMjAxLCAzMDEsIDMwMiwg
MzAzLCAzMDcsIDMwOF0gYnV0IHJlY2VpdmVkIDQwNC4KRmFpbGVkIGFzc2VydGlu
ZyB0aGF0IGZhbHNlIGlzIHRydWUuCgpDOlxVc2Vyc1xEcWRlYlxPbmVEcml2ZSAt
IEN1cmlvXERlc2t0b3BcNFNob3AtV2Vla2NoZWNrXHZlbmRvclxsYXJhdmVsXGZy
YW1ld29ya1xzcmNcSWxsdW1pbmF0ZVxUZXN0aW5nXFRlc3RSZXNwb25zZS5waHA6
MTQ4CkM6XFVzZXJzXERxZGViXE9uZURyaXZlIC0gQ3VyaW9cRGVza3RvcFw0U2hv
cC1XZWVrY2hlY2tcdGVzdHNcRmVhdHVyZVxVc2VyU3Rvcmllc1Rlc3QucGhwOjU3
CgoyKSBUZXN0c1xGZWF0dXJlXFVzZXJTdG9yaWVzVGVzdDo6dGVzdF9SRVE5X1By
b2R1Y3RFZGl0SGFzRGlzY291bnQKRmFpbGVkIGFzc2VydGluZyB0aGF0ICc8IURP
Q1RZUEUgaHRtbD5cclxuCjxodG1sIGxhbmc9ImVuIj5cclxuCjxoZWFkPlxyXG4K
ICAgIDxtZXRhIGNoYXJzZXQ9InV0Zi04Ij5cclxuCiAgICA8bWV0YSBodHRwLWVx
dWl2PSJYLVVBLUNvbXBhdGlibGUiIGNvbnRlbnQ9IklFPWVkZ2UiPlxyXG4KICAg
IDxtZXRhIG5hbWU9InZpZXdwb3J0IiBjb250ZW50PSJ3aWR0aD1kZXZpY2Utd2lk
dGgsIGluaXRpYWwtc2NhbGU9MSI+XHJcbgpcclxuCiAgICA8IS0tIENTUkYgVG9r
ZW4gLS0+XHJcbgogICAgPG1ldGEgbmFtZT0iY3NyZi10b2tlbiIgY29udGVudD0i
MTFjem9BUmdueG1zWjZwYkVaeUQxbGEyQ09mN2l3bmU5QWViT2xaVyI+XHJcbgpc
clxuCiAgICA8dGl0bGU+V2lua2VsIC0gU2NvdXRpbmcgUmFhbXNkb25rc3ZlZXI8
L3RpdGxlPlxyXG4KXHJcbgogICAgPCEtLSBTdHlsZXMgLS0+XHJcbgogICAgPGxp
bmsgcmVsPSJzdHlsZXNoZWV0IiBocmVmPSJodHRwczovL3N0YWNrcGF0aC5ib290
c3RyYXBjZG4uY29tL2Jvb3RzdHJhcC80LjMuMS9jc3MvYm9vdHN0cmFwLm1pbi5j
c3MiIGludGVncml0eT0ic2hhMzg0LWdnT3lSMGlYQ2JNUXYzWGlwbWEzNE1EK2RI
LzFmUTc4NC9qNmNZL2lKVFFVT2hjV3I3eDlKdm9SeFQyTVp3MVQiIGNyb3Nzb3Jp
Z2luPSJhbm9ueW1vdXMiPlxyXG4KICAgIDxsaW5rIHJlbD0ic3R5bGVzaGVldCIg
aHJlZj0iaHR0cDovL2xvY2FsaG9zdC9jc3MvYXBwLmNzcyI+XHJcbgogICAgPHNj
cmlwdCBzcmM9Ii8vWzo6MV06NTE3My9qcy9hcHAuanMiPjwvc2NyaXB0PlxyXG4K
PC9oZWFkPlxyXG4KPGJvZHk+XHJcbgogICAgPG5hdiBjbGFzcz0ibmF2YmFyIG5h
dmJhci1leHBhbmQtbGcgbmF2YmFyLWRhcmsgYmctc3VjY2VzcyBkLWZsZXgganVz
dGlmeS1jb250ZW50LWJldHdlZW4iPlxyXG4KICAgICAgICA8ZGl2IGNsYXNzPSJj
b250YWluZXIiPlxyXG4KICAgICAgICAgICAgPGEgaHJlZj0iaHR0cDovL2xvY2Fs
aG9zdC9hZG1pbiIgY2xhc3M9Im5hdmJhci1icmFuZCI+V2lua2VsPC9hPlxyXG4K
ICAgICAgICAgICAgPHVsIGNsYXNzPSJuYXZiYXItbmF2Ij5cclxuCiAgICAgICAg
ICAgICAgICA8bGkgY2xhc3M9Im5hdi1pdGVtIj5cclxuCiAgICAgICAgICAgICAg
ICAgICAgPGEgY2xhc3M9Im5hdi1saW5rIiBocmVmPSJodHRwOi8vbG9jYWxob3N0
L2FkbWluL29yZGVycyI+QmVzdGVsbGluZ2VuPC9hPlxyXG4KICAgICAgICAgICAg
ICAgIDwvbGk+XHJcbgogICAgICAgICAgICAgICAgPGxpIGNsYXNzPSJuYXYtaXRl
bSI+XHJcbgogICAgICAgICAgICAgICAgICAgIDxhIGNsYXNzPSJuYXYtbGluayIg
aHJlZj0iaHR0cDovL2xvY2FsaG9zdC9hZG1pbi9wcm9kdWN0cyI+UHJvZHVjdGVu
PC9hPlxyXG4KICAgICAgICAgICAgICAgIDwvbGk+XHJcbgogICAgICAgICAgICAg
ICAgPGxpIGNsYXNzPSJuYXYtaXRlbSI+XHJcbgogICAgICAgICAgICAgICAgICAg
IDxhIGNsYXNzPSJuYXYtbGluayIgaHJlZj0iaHR0cDovL2xvY2FsaG9zdC9hZG1p
bi9jYXRlZ29yaWVzIj5DYXRlZ29yaWXDq248L2E+XHJcbgogICAgICAgICAgICAg
ICAgPC9saT5cclxuCiAgICAgICAgICAgICAgICA8bGkgY2xhc3M9Im5hdi1pdGVt
Ij5cclxuCiAgICAgICAgICAgICAgICAgICAgPGEgY2xhc3M9Im5hdi1saW5rIiBo
cmVmPSJodHRwOi8vbG9jYWxob3N0L2FkbWluL3VzZXJzIj5BY2NvdW50czwvYT5c
clxuCiAgICAgICAgICAgICAgICA8L2xpPlxyXG4KICAgICAgICAgICAgPC91bD5c
clxuCiAgICAgICAgPC9kaXY+XHJcbgogICAgPC9uYXY+XHJcbgpcclxuCiAgICA8
ZGl2IGNsYXNzPSJtYWluIj5cclxuCiAgICAgICAgPGRpdiBjbGFzcz0iY29udGFp
bmVyIG10LTQiPlxyXG4KXHJcbgogICAgICAgICAgICBcclxuCiAgICAgICAgICAg
IFxyXG4KICAgICAgICAgICAgXHJcbgo8ZGl2IGNsYXNzPSJkLWZsZXggYWxpZ24t
aXRlbXMtY2VudGVyIGZsZXgtY29sdW1uIG15LTUiPiBcclxuClxyXG4KCTxmb3Jt
IGFjdGlvbj0iaHR0cDovL2xvY2FsaG9zdC9hZG1pbi9wcm9kdWN0cy8xIiBtZXRo
b2Q9IlBPU1QiIHN0eWxlPSJtaW4td2lkdGg6IDMyMHB4OyIgZW5jdHlwZT0ibXVs
dGlwYXJ0L2Zvcm0tZGF0YSI+XHJcbgoJCVxyXG4KCQk8aDQ+UHJvZHVjdCBhYW5w
YXNzZW48L2g0PlxyXG4KXHJcbgoJCTxkaXYgY2xhc3M9ImZvcm0tZ3JvdXAiPlxy
XG4KCQkJPGxhYmVsIGZvcj0idGl0bGUiPlRpdGVsPC9sYWJlbD5cclxuCgkJCTxp
bnB1dCB0eXBlPSJ0ZXh0IiBpZD0idGl0bGUiIG5hbWU9InRpdGxlIiBjbGFzcz0i
Zm9ybS1jb250cm9sIiB2YWx1ZT0iVmVzdCI+XHJcbgoJCTwvZGl2PlxyXG4KCQk8
ZGl2IGNsYXNzPSJmb3JtLWdyb3VwIj5cclxuCgkJCTxsYWJlbCBmb3I9InByaWNl
Ij5QcmlqczwvbGFiZWw+XHJcbgoJCQk8ZGl2IGNsYXNzPSJpbnB1dC1ncm91cCBt
Yi0yIj5cclxuCgkJICAgICAgICA8ZGl2IGNsYXNzPSJpbnB1dC1ncm91cC1wcmVw
ZW5kIj5cclxuCgkJICAgICAgICAJPGRpdiBjbGFzcz0iaW5wdXQtZ3JvdXAtdGV4
dCI+JmV1cm87PC9kaXY+XHJcbgoJCSAgICAgICAgPC9kaXY+XHJcbgoJCQkJPGlu
cHV0IHR5cGU9Im51bWJlciIgbWluPSIwIiBpZD0icHJpY2UiIG5hbWU9InByaWNl
IiBjbGFzcz0iZm9ybS1jb250cm9sIiB2YWx1ZT0iMjUuMzgiPlxyXG4KCQkJPC9k
aXY+XHJcbgogICAgICA8bGFiZWwgZm9yPSJkaXNjb3VudCI+S29ydGluZzwvbGFi
ZWw+XHJcbgoJCQk8ZGl2IGNsYXNzPSJpbnB1dC1ncm91cCBtYi0yIj5cclxuCgkJ
ICAgICAgICA8ZGl2IGNsYXNzPSJpbnB1dC1ncm91cC1wcmVwZW5kIj5cclxuCgkJ
ICAgICAgICAJPGRpdiBjbGFzcz0iaW5wdXQtZ3JvdXAtdGV4dCI+JTwvZGl2Plxy
XG4KCQkgICAgICAgIDwvZGl2PlxyXG4KCQkJCTxpbnB1dCB0eXBlPSJudW1iZXIi
IG1pbj0iMCIgaWQ9ImRpc2NvdW50IiBuYW1lPSJkaXNjb3VudCIgY2xhc3M9ImZv
cm0tY29udHJvbCIgdmFsdWU9IiI+XHJcbgoJCQk8L2Rpdj5cclxuCgkJPC9kaXY+
XHJcbgoJCTxkaXYgY2xhc3M9ImZvcm0tZ3JvdXAgbXktNCI+XHJcbgoJCQk8ZGl2
IGNsYXNzPSJmb3JtLWNoZWNrIGZvcm0tY2hlY2staW5saW5lIj5cclxuCgkJCQk8
aW5wdXQgY2xhc3M9ImZvcm0tY2hlY2staW5wdXQiIHR5cGU9InJhZGlvIiBuYW1l
PSJhY3RpdmUiIGlkPSJhY3RpdmUxIiB2YWx1ZT0iMSIgIGNoZWNrZWQgPlxyXG4K
CQkJCTxsYWJlbCBjbGFzcz0iZm9ybS1jaGVjay1sYWJlbCIgZm9yPSJhY3RpdmUx
Ij5aaWNodGJhYXI8L2xhYmVsPlxyXG4KCQkJPC9kaXY+XHJcbgoJCQk8ZGl2IGNs
YXNzPSJmb3JtLWNoZWNrIGZvcm0tY2hlY2staW5saW5lIj5cclxuCgkJCQk8aW5w
dXQgY2xhc3M9ImZvcm0tY2hlY2staW5wdXQiIHR5cGU9InJhZGlvIiBuYW1lPSJh
Y3RpdmUiIGlkPSJhY3RpdmUwIiB2YWx1ZT0iMCIgPlxyXG4KCQkJCTxsYWJlbCBj
bGFzcz0iZm9ybS1jaGVjay1sYWJlbCIgZm9yPSJhY3RpdmUwIj5PbnppY2h0YmFh
cjwvbGFiZWw+XHJcbgoJCQk8L2Rpdj5cclxuCgkJPC9kaXY+XHJcbgoJCTxkaXYg
Y2xhc3M9ImZvcm0tZ3JvdXAgbXktNCI+XHJcbgoJCQk8ZGl2IGNsYXNzPSJmb3Jt
LWNoZWNrIGZvcm0tY2hlY2staW5saW5lIj5cclxuCgkJCQk8aW5wdXQgY2xhc3M9
ImZvcm0tY2hlY2staW5wdXQiIHR5cGU9InJhZGlvIiBuYW1lPSJsZWlkaW5nIiBp
ZD0ibGVpZGluZzEiIHZhbHVlPSIxIiAgY2hlY2tlZCA+XHJcbgoJCQkJPGxhYmVs
IGNsYXNzPSJmb3JtLWNoZWNrLWxhYmVsIiBmb3I9ImxlaWRpbmcxIj5MZWlkaW5n
PC9sYWJlbD5cclxuCgkJCTwvZGl2PlxyXG4KCQkJPGRpdiBjbGFzcz0iZm9ybS1j
aGVjayBmb3JtLWNoZWNrLWlubGluZSI+XHJcbgoJCQkJPGlucHV0IGNsYXNzPSJm
b3JtLWNoZWNrLWlucHV0IiB0eXBlPSJyYWRpbyIgbmFtZT0ibGVpZGluZyIgaWQ9
ImxlaWRpbmcwIiB2YWx1ZT0iMCIgPlxyXG4KCQkJCTxsYWJlbCBjbGFzcz0iZm9y
bS1jaGVjay1sYWJlbCIgZm9yPSJsZWlkaW5nMCI+TGVkZW4gZW4gbGVpZGluZzwv
bGFiZWw+XHJcbgoJCQk8L2Rpdj5cclxuCgkJPC9kaXY+XHJcbgoJCTxkaXYgY2xh
c3M9ImZvcm0tZ3JvdXAiPlxyXG4KCQkJPGlucHV0IHR5cGU9ImZpbGUiIGlkPSJp
bWFnZSIgbmFtZT0iaW1hZ2UiIGFjY2VwdD0iaW1hZ2UvcG5nLCBpbWFnZS9qcGVn
Ij5cclxuCgkJPC9kaXY+XHJcbgpcclxuCgkJPGRpdiBjbGFzcz0iZm9ybS1ncm91
cCI+XHJcbgoJCQk8bGFiZWwgZm9yPSJkZXNjcmlwdGlvbiI+QmVzY2hyaWp2aW5n
PC9sYWJlbD5cclxuCgkJCTx0ZXh0YXJlYSBuYW1lPSJkZXNjcmlwdGlvbiIgaWQ9
ImRlc2NyaXB0aW9uIiBjb2xzPSIzMCIgcm93cz0iNSIgY2xhc3M9ImZvcm0tY29u
dHJvbCI+SG9vZHkgbWV0IHJpdHMsIHZvb3Igc3RhZmxlZGVuIGVuIGV4cGxvcmVy
cy4gTG9nbyB2b29yIGVuIGhhbmRqZXMgYWNodGVyIG9wIGRlIHJ1Zy48L3RleHRh
cmVhPlxyXG4KCQk8L2Rpdj5cclxuClxyXG4KCQk8YnV0dG9uIHR5cGU9InN1Ym1p
dCIgY2xhc3M9ImZvcm0tY29udHJvbCBidG4gYnRuLXByaW1hcnkgbXktMiI+T3Bz
bGFhbjwvYnV0dG9uPlxyXG4KCQk8aW5wdXQgdHlwZT0iaGlkZGVuIiBuYW1lPSJf
dG9rZW4iIHZhbHVlPSIxMWN6b0FSZ254bXNaNnBiRVp5RDFsYTJDT2Y3aXduZTlB
ZWJPbFpXIj5cclxuCgkJPGlucHV0IHR5cGU9ImhpZGRlbiIgbmFtZT0iX21ldGhv
ZCIgdmFsdWU9IlBBVENIIj5cclxuCgk8L2Zvcm0+XHJcbgoJPGZvcm0gYWN0aW9u
PSJodHRwOi8vbG9jYWxob3N0L2FkbWluL3Byb2R1Y3RzLzEiIG1ldGhvZD0iUE9T
VCI+XHJcbgoJCTxidXR0b24gdHlwZT0ic3VibWl0IiBjbGFzcz0iZm9ybS1jb250
cm9sIGJ0biBidG4tb3V0bGluZS1kYW5nZXIiPlZlcndpamRlcmVuPC9idXR0b24+
XHJcbgoJCTxpbnB1dCB0eXBlPSJoaWRkZW4iIG5hbWU9Il90b2tlbiIgdmFsdWU9
IjExY3pvQVJnbnhtc1o2cGJFWnlEMWxhMkNPZjdpd25lOUFlYk9sWlciPlxyXG4K
CQk8aW5wdXQgdHlwZT0iaGlkZGVuIiBuYW1lPSJfbWV0aG9kIiB2YWx1ZT0iREVM
RVRFIj5cclxuCgk8L2Zvcm0+XHJcbgo8L2Rpdj5cclxuClxyXG4KICAgICAgICA8
L2Rpdj5cclxuCiAgICA8L2Rpdj5cclxuCiAgICBcclxuCiAgICA8L2JvZHk+XHJc
bgo8L2h0bWw+XHJcbgonIGNvbnRhaW5zICIyOS4wMCIuCgpDOlxVc2Vyc1xEcWRl
YlxPbmVEcml2ZSAtIEN1cmlvXERlc2t0b3BcNFNob3AtV2Vla2NoZWNrXHZlbmRv
clxsYXJhdmVsXGZyYW1ld29ya1xzcmNcSWxsdW1pbmF0ZVxUZXN0aW5nXFRlc3RS
ZXNwb25zZS5waHA6NTI3CkM6XFVzZXJzXERxZGViXE9uZURyaXZlIC0gQ3VyaW9c
RGVza3RvcFw0U2hvcC1XZWVrY2hlY2tcdGVzdHNcRmVhdHVyZVxVc2VyU3Rvcmll
c1Rlc3QucGhwOjcwCgozKSBUZXN0c1xGZWF0dXJlXFVzZXJTdG9yaWVzVGVzdDo6
dGVzdF9SRVExMF9Qcm9kdWN0RWRpdENvbnRhaW5zQ2F0ZWdvcnkKRmFpbGVkIGFz
c2VydGluZyB0aGF0ICdcclxuClxyXG4KXHJcbgogICAgXHJcbgogICAgXHJcbgog
ICAgXHJcbgpcclxuCiAgICBcclxuCiAgICBcclxuClxyXG4KICAgIFdpbmtlbCAt
IFNjb3V0aW5nIFJhYW1zZG9ua3N2ZWVyXHJcbgpcclxuCiAgICBcclxuCiAgICBc
clxuCiAgICBcclxuCiAgICBcclxuClxyXG4KXHJcbgogICAgXHJcbgogICAgICAg
IFxyXG4KICAgICAgICAgICAgV2lua2VsXHJcbgogICAgICAgICAgICBcclxuCiAg
ICAgICAgICAgICAgICBcclxuCiAgICAgICAgICAgICAgICAgICAgQmVzdGVsbGlu
Z2VuXHJcbgogICAgICAgICAgICAgICAgXHJcbgogICAgICAgICAgICAgICAgXHJc
bgogICAgICAgICAgICAgICAgICAgIFByb2R1Y3RlblxyXG4KICAgICAgICAgICAg
ICAgIFxyXG4KICAgICAgICAgICAgICAgIFxyXG4KICAgICAgICAgICAgICAgICAg
ICBDYXRlZ29yaWXDq25cclxuCiAgICAgICAgICAgICAgICBcclxuCiAgICAgICAg
ICAgICAgICBcclxuCiAgICAgICAgICAgICAgICAgICAgQWNjb3VudHNcclxuCiAg
ICAgICAgICAgICAgICBcclxuCiAgICAgICAgICAgIFxyXG4KICAgICAgICBcclxu
CiAgICBcclxuClxyXG4KICAgIFxyXG4KICAgICAgICBcclxuClxyXG4KICAgICAg
ICAgICAgXHJcbgogICAgICAgICAgICBcclxuCiAgICAgICAgICAgIFxyXG4KIFxy
XG4KXHJcbgoJXHJcbgoJCVxyXG4KCQlQcm9kdWN0IGFhbnBhc3NlblxyXG4KXHJc
bgoJCVxyXG4KCQkJVGl0ZWxcclxuCgkJCVxyXG4KCQlcclxuCgkJXHJcbgoJCQlQ
cmlqc1xyXG4KCQkJXHJcbgoJCSAgICAgICAgXHJcbgoJCSAgICAgICAgCSZldXJv
O1xyXG4KCQkgICAgICAgIFxyXG4KCQkJCVxyXG4KCQkJXHJcbgogICAgICBLb3J0
aW5nXHJcbgoJCQlcclxuCgkJICAgICAgICBcclxuCgkJICAgICAgICAJJVxyXG4K
CQkgICAgICAgIFxyXG4KCQkJCVxyXG4KCQkJXHJcbgoJCVxyXG4KCQlcclxuCgkJ
CVxyXG4KCQkJCVxyXG4KCQkJCVppY2h0YmFhclxyXG4KCQkJXHJcbgoJCQlcclxu
CgkJCQlcclxuCgkJCQlPbnppY2h0YmFhclxyXG4KCQkJXHJcbgoJCVxyXG4KCQlc
clxuCgkJCVxyXG4KCQkJCVxyXG4KCQkJCUxlaWRpbmdcclxuCgkJCVxyXG4KCQkJ
XHJcbgoJCQkJXHJcbgoJCQkJTGVkZW4gZW4gbGVpZGluZ1xyXG4KCQkJXHJcbgoJ
CVxyXG4KCQlcclxuCgkJCVxyXG4KCQlcclxuClxyXG4KCQlcclxuCgkJCUJlc2No
cmlqdmluZ1xyXG4KCQkJSG9vZHkgbWV0IHJpdHMsIHZvb3Igc3RhZmxlZGVuIGVu
IGV4cGxvcmVycy4gTG9nbyB2b29yIGVuIGhhbmRqZXMgYWNodGVyIG9wIGRlIHJ1
Zy5cclxuCgkJXHJcbgpcclxuCgkJT3BzbGFhblxyXG4KCQlcclxuCgkJXHJcbgoJ
XHJcbgoJXHJcbgoJCVZlcndpamRlcmVuXHJcbgoJCVxyXG4KCQlcclxuCglcclxu
ClxyXG4KXHJcbgogICAgICAgIFxyXG4KICAgIFxyXG4KICAgIFxyXG4KICAgIFxy
XG4KXHJcbgonIGNvbnRhaW5zICJLbGVkaW5nIi4KCkM6XFVzZXJzXERxZGViXE9u
ZURyaXZlIC0gQ3VyaW9cRGVza3RvcFw0U2hvcC1XZWVrY2hlY2tcdmVuZG9yXGxh
cmF2ZWxcZnJhbWV3b3JrXHNyY1xJbGx1bWluYXRlXFRlc3RpbmdcVGVzdFJlc3Bv
bnNlLnBocDo1NjUKQzpcVXNlcnNcRHFkZWJcT25lRHJpdmUgLSBDdXJpb1xEZXNr
dG9wXDRTaG9wLVdlZWtjaGVja1x0ZXN0c1xGZWF0dXJlXFVzZXJTdG9yaWVzVGVz
dC5waHA6ODIKCkVSUk9SUyENClRlc3RzOiA4LCBBc3NlcnRpb25zOiA5LCBFcnJv
cnM6IDIsIEZhaWx1cmVzOiAzLg0K
-----END CERTIFICATE-----
